/inst/INNER_CORE_I/LD_G.LD_TOP_I/LD_FIND_MINS_I/ldpc_v2_0_11_ld_find_mins__GC0:3322140674
/inst/INNER_CORE_I/LD_G.LD_TOP_I/LD_FIND_MINS_I/LD_FIND_MINS_DP_I/LD_MC_ROTATE_I/ROTATE_I/LD_SHIFT4_BPS_I/ldpc_v2_0_11_shift4__parameterized0__GBM2:2825659831
/inst/INNER_CORE_I/LD_G.LD_TOP_I/LD_FIND_MINS_I/LD_FIND_MINS_DP_I/LD_MC_ROTATE_I/ROTATE_I/LD_SHIFT4_CPS_I/ldpc_v2_0_11_shift4__parameterized0__GBM0:1180845211
/inst/INNER_CORE_I/LD_G.LD_TOP_I/LD_FIND_MINS_I/LD_FIND_MINS_DP_I/LD_MC_ROTATE_I/ROTATE_I/LD_SHIFT4_APS_I/ldpc_v2_0_11_shift4__parameterized0__GBM0:1180845211
/inst/INNER_CORE_I/LD_G.LD_TOP_I/LD_FIND_MINS_I/LD_FIND_MINS_DP_I/ldpc_v2_0_11_ld_find_mins_dp__GCB2:4117733064
/inst/INNER_CORE_I/LD_G.LD_TOP_I/ldpc_v2_0_11_ld_top__GCB3:4090752822
/inst/INNER_CORE_I/LD_G.LD_TOP_I/LD_FIND_MINS_I/LD_FIND_MINS_DP_I/LD_MC_ROTATE_I/ROTATE_I/LD_SHIFT4_BPS_I/ldpc_v2_0_11_shift4__parameterized0__GBM1:828732429
/inst/INNER_CORE_I/LD_G.LD_TOP_I/LD_FIND_MINS_I/LD_FIND_MINS_DP_I/LD_MC_ROTATE_I/ROTATE_I/ldpc_v2_0_11_rotate__parameterized0__GC0:3939736067
/inst/INNER_CORE_I/OP_IF_I/ldpc_v2_0_11_op_if__GB0:2508139354
/inst/INNER_CORE_I/LD_G.LD_TOP_I/LD_FIND_MINS_I/LD_FIND_MINS_DP_I/ldpc_v2_0_11_ld_find_mins_dp__GCB1:1818677106
/inst/INNER_CORE_I/OP_IF_I/ldpc_v2_0_11_op_if__GB1:3799522252
/inst/INNER_CORE_I/LD_G.LD_TOP_I/LD_FIND_MINS_I/LD_FIND_MINS_DP_I/LD_MC_ROTATE_I/ldpc_v2_0_11_ld_mc_rotate__GC0:3623861899
/inst/INNER_CORE_I/LD_G.LD_TOP_I/ldpc_v2_0_11_ld_top__GCB2:2228543392
/inst/INNER_CORE_I/LD_G.LD_TOP_I/LD_FIND_MINS_I/LD_FIND_MINS_DP_I/LD_MC_ROTATE_I/ROTATE_I/LD_SHIFT4_APS_I/ldpc_v2_0_11_shift4__parameterized0__GBM1:828732429
/inst/INNER_CORE_I/LD_G.LD_TOP_I/LD_FIND_MINS_I/LD_FIND_MINS_DP_I/LD_MC_ROTATE_I/ROTATE_I/LD_SHIFT4_CPS_I/ldpc_v2_0_11_shift4__parameterized0__GBM2:2825659831
/inst/INNER_CORE_I/LD_G.LD_TOP_I/LD_FIND_MINS_I/LD_FIND_MINS_DP_I/LD_MC_ROTATE_I/ROTATE_I/LD_SHIFT4_BPS_I/ldpc_v2_0_11_shift4__parameterized0__GBM0:1180845211
/inst/INNER_CORE_I/LD_G.LD_TOP_I/LD_FIND_MINS_I/LD_FIND_MINS_DP_I/LD_MC_ROTATE_I/ROTATE_I/LD_SHIFT4_APS_I/ldpc_v2_0_11_shift4__parameterized0__GBM2:2825659831
/inst/INNER_CORE_I/LD_G.LD_TOP_I/ldpc_v2_0_11_ld_top__GCB0:1792720524
/inst/ldpc_v2_0_11__GC0:728120675
/inst/INNER_CORE_I/ldpc_v2_0_11_inner_core__GC0:1777577204
/inst/INNER_CORE_I/LD_G.LD_TOP_I/LD_FIND_MINS_I/LD_FIND_MINS_DP_I/ldpc_v2_0_11_ld_find_mins_dp__GCB0:459407332
/inst/INNER_CORE_I/LD_G.LD_TOP_I/LD_FIND_MINS_I/LD_FIND_MINS_DP_I/LD_MC_ROTATE_I/ROTATE_I/LD_SHIFT4_CPS_I/ldpc_v2_0_11_shift4__parameterized0__GBM1:828732429
/inst/INNER_CORE_I/LD_G.LD_TOP_I/LD_TOP_CTRL_I:3819903146
